// Jest Snapshot v1, https://goo.gl/fbAQLP

exports[`labelArgument 测试 visitor处理: 测试公式formulas[0] 1`] = `
Object {
  "!": "FormulaUnit",
  "formulas": Array [
    Object {
      "!": "FormulaExpress",
      "express": Array [
        Object {
          "!": "FormulaFunction",
          "name": "COMBI_XX",
          "params": Array [
            Object {
              "!": "FormulaParam",
              "content": Object {
                "!": "FormulaLabelArgumentParamString",
                "argumentName": "KJQJ",
                "range": Object {
                  "_source": "'#KJQJ#:3'",
                },
                "value": "3",
              },
              "range": Object {
                "_source": "'#KJQJ#:3'",
              },
            },
          ],
          "range": Object {
            "_source": "COMBI_XX('#KJQJ#:3')",
          },
        },
      ],
      "range": Object {
        "_source": "COMBI_XX('#KJQJ#:3')",
      },
    },
  ],
  "range": Object {
    "_source": "COMBI_XX('#KJQJ#:3')",
  },
}
`;
