// Jest Snapshot v1, https://goo.gl/fbAQLP

exports[`临时测试 单个用例: 测试公式formulas[] 1`] = `
Object {
  "!": "FormulaUnit",
  "formulas": Array [
    Object {
      "!": "FormulaIfFunction",
      "condition": Object {
        "!": "FormulaParam",
        "content": Object {
          "!": "FormulaExpress",
          "express": Array [
            Object {
              "!": "FormulaBracketExpress",
              "express": Array [
                Object {
                  "!": "FormulaBinaryOperationExpress",
                  "leftExp": Object {
                    "!": "FormulaBinaryOperationExpress",
                    "leftExp": Object {
                      "!": "FormulaExpress",
                      "express": Array [
                        Object {
                          "!": "FormulaFunction",
                          "name": "QUERY_SZJDXX",
                          "params": Array [
                            Object {
                              "!": "FormulaParam",
                              "content": Object {
                                "!": "FormulaParamConst",
                                "range": Object {
                                  "_source": "$ZTDM$",
                                },
                                "value": "$ZTDM$",
                              },
                              "range": Object {
                                "_source": "$ZTDM$",
                              },
                            },
                            Object {
                              "!": "FormulaParam",
                              "content": Object {
                                "!": "FormulaParamConst",
                                "range": Object {
                                  "_source": "$KJND$",
                                },
                                "value": "$KJND$",
                              },
                              "range": Object {
                                "_source": "$KJND$",
                              },
                            },
                            Object {
                              "!": "FormulaParam",
                              "content": Object {
                                "!": "FormulaParamConst",
                                "range": Object {
                                  "_source": "$KJQJ$",
                                },
                                "value": "$KJQJ$",
                              },
                              "range": Object {
                                "_source": "$KJQJ$",
                              },
                            },
                            Object {
                              "!": "FormulaParam",
                              "content": Object {
                                "!": "FormulaParamString",
                                "range": Object {
                                  "_source": "'-1'",
                                },
                                "value": "-1",
                              },
                              "range": Object {
                                "_source": "'-1'",
                              },
                            },
                            Object {
                              "!": "FormulaParam",
                              "content": Object {
                                "!": "FormulaParamString",
                                "range": Object {
                                  "_source": "''",
                                },
                                "value": "",
                              },
                              "range": Object {
                                "_source": "''",
                              },
                            },
                            Object {
                              "!": "FormulaParam",
                              "content": Object {
                                "!": "FormulaParamString",
                                "range": Object {
                                  "_source": "'4'",
                                },
                                "value": "4",
                              },
                              "range": Object {
                                "_source": "'4'",
                              },
                            },
                            Object {
                              "!": "FormulaParam",
                              "content": Object {
                                "!": "FormulaParamString",
                                "range": Object {
                                  "_source": "'4'",
                                },
                                "value": "4",
                              },
                              "range": Object {
                                "_source": "'4'",
                              },
                            },
                          ],
                          "range": Object {
                            "_source": "QUERY_SZJDXX($ZTDM$,$KJND$,$KJQJ$,'-1','','4','4')",
                          },
                        },
                      ],
                      "range": Object {
                        "_source": "QUERY_SZJDXX($ZTDM$,$KJND$,$KJQJ$,'-1','','4','4')",
                      },
                    },
                    "operate": Object {
                      "!": "TerminalNodeImpl",
                      "range": Object {
                        "_source": "==",
                      },
                      "value": "==",
                    },
                    "range": Object {
                      "_source": "QUERY_SZJDXX($ZTDM$,$KJND$,$KJQJ$,'-1','','4','4')=='1'||QUERY_SZJDXX($ZTDM$,$KJND$,$KJQJ$,'-1','','4','4')",
                    },
                    "rightExp": Object {
                      "!": "FormulaBinaryOperationExpress",
                      "leftExp": Object {
                        "!": "FormulaExpress",
                        "express": Array [
                          Object {
                            "!": "FormulaParamString",
                            "range": Object {
                              "_source": "'1'",
                            },
                            "value": "1",
                          },
                        ],
                        "range": Object {
                          "_source": "'1'",
                        },
                      },
                      "operate": Object {
                        "!": "TerminalNodeImpl",
                        "range": Object {
                          "_source": "||",
                        },
                        "value": "||",
                      },
                      "range": Object {
                        "_source": "'1'||QUERY_SZJDXX($ZTDM$,$KJND$,$KJQJ$,'-1','','4','4')",
                      },
                      "rightExp": Object {
                        "!": "FormulaExpress",
                        "express": Array [
                          Object {
                            "!": "FormulaFunction",
                            "name": "QUERY_SZJDXX",
                            "params": Array [
                              Object {
                                "!": "FormulaParam",
                                "content": Object {
                                  "!": "FormulaParamConst",
                                  "range": Object {
                                    "_source": "$ZTDM$",
                                  },
                                  "value": "$ZTDM$",
                                },
                                "range": Object {
                                  "_source": "$ZTDM$",
                                },
                              },
                              Object {
                                "!": "FormulaParam",
                                "content": Object {
                                  "!": "FormulaParamConst",
                                  "range": Object {
                                    "_source": "$KJND$",
                                  },
                                  "value": "$KJND$",
                                },
                                "range": Object {
                                  "_source": "$KJND$",
                                },
                              },
                              Object {
                                "!": "FormulaParam",
                                "content": Object {
                                  "!": "FormulaParamConst",
                                  "range": Object {
                                    "_source": "$KJQJ$",
                                  },
                                  "value": "$KJQJ$",
                                },
                                "range": Object {
                                  "_source": "$KJQJ$",
                                },
                              },
                              Object {
                                "!": "FormulaParam",
                                "content": Object {
                                  "!": "FormulaParamString",
                                  "range": Object {
                                    "_source": "'-1'",
                                  },
                                  "value": "-1",
                                },
                                "range": Object {
                                  "_source": "'-1'",
                                },
                              },
                              Object {
                                "!": "FormulaParam",
                                "content": Object {
                                  "!": "FormulaParamString",
                                  "range": Object {
                                    "_source": "''",
                                  },
                                  "value": "",
                                },
                                "range": Object {
                                  "_source": "''",
                                },
                              },
                              Object {
                                "!": "FormulaParam",
                                "content": Object {
                                  "!": "FormulaParamString",
                                  "range": Object {
                                    "_source": "'4'",
                                  },
                                  "value": "4",
                                },
                                "range": Object {
                                  "_source": "'4'",
                                },
                              },
                              Object {
                                "!": "FormulaParam",
                                "content": Object {
                                  "!": "FormulaParamString",
                                  "range": Object {
                                    "_source": "'4'",
                                  },
                                  "value": "4",
                                },
                                "range": Object {
                                  "_source": "'4'",
                                },
                              },
                            ],
                            "range": Object {
                              "_source": "QUERY_SZJDXX($ZTDM$,$KJND$,$KJQJ$,'-1','','4','4')",
                            },
                          },
                        ],
                        "range": Object {
                          "_source": "QUERY_SZJDXX($ZTDM$,$KJND$,$KJQJ$,'-1','','4','4')",
                        },
                      },
                    },
                  },
                  "operate": Object {
                    "!": "TerminalNodeImpl",
                    "range": Object {
                      "_source": "==",
                    },
                    "value": "==",
                  },
                  "range": Object {
                    "_source": "QUERY_SZJDXX($ZTDM$,$KJND$,$KJQJ$,'-1','','4','4')=='1'||QUERY_SZJDXX($ZTDM$,$KJND$,$KJQJ$,'-1','','4','4')=='2'",
                  },
                  "rightExp": Object {
                    "!": "FormulaExpress",
                    "express": Array [
                      Object {
                        "!": "FormulaParamString",
                        "range": Object {
                          "_source": "'2'",
                        },
                        "value": "2",
                      },
                    ],
                    "range": Object {
                      "_source": "'2'",
                    },
                  },
                },
              ],
              "range": Object {
                "_source": "(QUERY_SZJDXX($ZTDM$,$KJND$,$KJQJ$,'-1','','4','4')=='1'||QUERY_SZJDXX($ZTDM$,$KJND$,$KJQJ$,'-1','','4','4')=='2')",
              },
            },
          ],
          "range": Object {
            "_source": "(QUERY_SZJDXX($ZTDM$,$KJND$,$KJQJ$,'-1','','4','4')=='1'||QUERY_SZJDXX($ZTDM$,$KJND$,$KJQJ$,'-1','','4','4')=='2')",
          },
        },
        "range": Object {
          "_source": "(QUERY_SZJDXX($ZTDM$,$KJND$,$KJQJ$,'-1','','4','4')=='1'||QUERY_SZJDXX($ZTDM$,$KJND$,$KJQJ$,'-1','','4','4')=='2')",
        },
      },
      "elseStatement": Object {
        "!": "FormulaParam",
        "content": Object {
          "!": "FormulaExpress",
          "express": Array [
            Object {
              "!": "FormulaFunction",
              "name": "UDEF_KM",
              "params": Array [
                Object {
                  "!": "FormulaParam",
                  "content": Object {
                    "!": "FormulaParamString",
                    "range": Object {
                      "_source": "'YE'",
                    },
                    "value": "YE",
                  },
                  "range": Object {
                    "_source": "'YE'",
                  },
                },
                Object {
                  "!": "FormulaParam",
                  "content": Object {
                    "!": "FormulaParamConst",
                    "range": Object {
                      "_source": "$ZTDM$",
                    },
                    "value": "$ZTDM$",
                  },
                  "range": Object {
                    "_source": "$ZTDM$",
                  },
                },
                Object {
                  "!": "FormulaParam",
                  "content": Object {
                    "!": "FormulaParamConst",
                    "range": Object {
                      "_source": "$KJND_B$",
                    },
                    "value": "$KJND_B$",
                  },
                  "range": Object {
                    "_source": "$KJND_B$",
                  },
                },
                Object {
                  "!": "FormulaParam",
                  "content": Object {
                    "!": "FormulaParamNum",
                    "range": Object {
                      "_source": "0",
                    },
                    "value": "0",
                  },
                  "range": Object {
                    "_source": "0",
                  },
                },
                Object {
                  "!": "FormulaParam",
                  "content": Object {
                    "!": "FormulaParamConst",
                    "range": Object {
                      "_source": "$KJND_E$",
                    },
                    "value": "$KJND_E$",
                  },
                  "range": Object {
                    "_source": "$KJND_E$",
                  },
                },
                Object {
                  "!": "FormulaParam",
                  "content": Object {
                    "!": "FormulaParamNum",
                    "range": Object {
                      "_source": "0",
                    },
                    "value": "0",
                  },
                  "range": Object {
                    "_source": "0",
                  },
                },
                Object {
                  "!": "FormulaParam",
                  "content": Object {
                    "!": "FormulaParamString",
                    "range": Object {
                      "_source": "'2202'",
                    },
                    "value": "2202",
                  },
                  "range": Object {
                    "_source": "'2202'",
                  },
                },
              ],
              "range": Object {
                "_source": "UDEF_KM('YE',$ZTDM$,$KJND_B$,0,$KJND_E$,0,'2202')",
              },
            },
          ],
          "range": Object {
            "_source": "UDEF_KM('YE',$ZTDM$,$KJND_B$,0,$KJND_E$,0,'2202')",
          },
        },
        "range": Object {
          "_source": "UDEF_KM('YE',$ZTDM$,$KJND_B$,0,$KJND_E$,0,'2202')",
        },
      },
      "name": "IF",
      "range": Object {
        "_source": "IF((QUERY_SZJDXX($ZTDM$,$KJND$,$KJQJ$,'-1','','4','4')=='1'||QUERY_SZJDXX($ZTDM$,$KJND$,$KJQJ$,'-1','','4','4')=='2'),KMYE_DEBIT($ZTDM$,$KJND$,0,'2202')-IF(UDEF_KM('YE',$ZTDM$,$KJND_B$,0,$KJND_E$,0,'22029997')>0,UDEF_KM('YE',$ZTDM$,$KJND_B$,0,$KJND_E$,0,'22029997'),0)+KMYE_CREDIT($ZTDM$,$KJND$,0,'1123')+IF(UDEF_KM('YE',$ZTDM$,$KJND_B$,0,$KJND_E$,0,'11239997')>0,0,UDEF_KM('YE',$ZTDM$,$KJND_B$,0,$KJND_E$,0,'11239997')),UDEF_KM('YE',$ZTDM$,$KJND_B$,0,$KJND_E$,0,'2202'))",
      },
      "thenStatement": Object {
        "!": "FormulaParam",
        "content": Object {
          "!": "FormulaBinaryOperationExpress",
          "leftExp": Object {
            "!": "FormulaBinaryOperationExpress",
            "leftExp": Object {
              "!": "FormulaBinaryOperationExpress",
              "leftExp": Object {
                "!": "FormulaExpress",
                "express": Array [
                  Object {
                    "!": "FormulaFunction",
                    "name": "KMYE_DEBIT",
                    "params": Array [
                      Object {
                        "!": "FormulaParam",
                        "content": Object {
                          "!": "FormulaParamConst",
                          "range": Object {
                            "_source": "$ZTDM$",
                          },
                          "value": "$ZTDM$",
                        },
                        "range": Object {
                          "_source": "$ZTDM$",
                        },
                      },
                      Object {
                        "!": "FormulaParam",
                        "content": Object {
                          "!": "FormulaParamConst",
                          "range": Object {
                            "_source": "$KJND$",
                          },
                          "value": "$KJND$",
                        },
                        "range": Object {
                          "_source": "$KJND$",
                        },
                      },
                      Object {
                        "!": "FormulaParam",
                        "content": Object {
                          "!": "FormulaParamNum",
                          "range": Object {
                            "_source": "0",
                          },
                          "value": "0",
                        },
                        "range": Object {
                          "_source": "0",
                        },
                      },
                      Object {
                        "!": "FormulaParam",
                        "content": Object {
                          "!": "FormulaParamString",
                          "range": Object {
                            "_source": "'2202'",
                          },
                          "value": "2202",
                        },
                        "range": Object {
                          "_source": "'2202'",
                        },
                      },
                    ],
                    "range": Object {
                      "_source": "KMYE_DEBIT($ZTDM$,$KJND$,0,'2202')",
                    },
                  },
                ],
                "range": Object {
                  "_source": "KMYE_DEBIT($ZTDM$,$KJND$,0,'2202')",
                },
              },
              "operate": Object {
                "!": "TerminalNodeImpl",
                "range": Object {
                  "_source": "-",
                },
                "value": "-",
              },
              "range": Object {
                "_source": "KMYE_DEBIT($ZTDM$,$KJND$,0,'2202')-IF(UDEF_KM('YE',$ZTDM$,$KJND_B$,0,$KJND_E$,0,'22029997')>0,UDEF_KM('YE',$ZTDM$,$KJND_B$,0,$KJND_E$,0,'22029997'),0)",
              },
              "rightExp": Object {
                "!": "FormulaExpress",
                "express": Array [
                  Object {
                    "!": "FormulaIfFunction",
                    "condition": Object {
                      "!": "FormulaParam",
                      "content": Object {
                        "!": "FormulaBinaryOperationExpress",
                        "leftExp": Object {
                          "!": "FormulaExpress",
                          "express": Array [
                            Object {
                              "!": "FormulaFunction",
                              "name": "UDEF_KM",
                              "params": Array [
                                Object {
                                  "!": "FormulaParam",
                                  "content": Object {
                                    "!": "FormulaParamString",
                                    "range": Object {
                                      "_source": "'YE'",
                                    },
                                    "value": "YE",
                                  },
                                  "range": Object {
                                    "_source": "'YE'",
                                  },
                                },
                                Object {
                                  "!": "FormulaParam",
                                  "content": Object {
                                    "!": "FormulaParamConst",
                                    "range": Object {
                                      "_source": "$ZTDM$",
                                    },
                                    "value": "$ZTDM$",
                                  },
                                  "range": Object {
                                    "_source": "$ZTDM$",
                                  },
                                },
                                Object {
                                  "!": "FormulaParam",
                                  "content": Object {
                                    "!": "FormulaParamConst",
                                    "range": Object {
                                      "_source": "$KJND_B$",
                                    },
                                    "value": "$KJND_B$",
                                  },
                                  "range": Object {
                                    "_source": "$KJND_B$",
                                  },
                                },
                                Object {
                                  "!": "FormulaParam",
                                  "content": Object {
                                    "!": "FormulaParamNum",
                                    "range": Object {
                                      "_source": "0",
                                    },
                                    "value": "0",
                                  },
                                  "range": Object {
                                    "_source": "0",
                                  },
                                },
                                Object {
                                  "!": "FormulaParam",
                                  "content": Object {
                                    "!": "FormulaParamConst",
                                    "range": Object {
                                      "_source": "$KJND_E$",
                                    },
                                    "value": "$KJND_E$",
                                  },
                                  "range": Object {
                                    "_source": "$KJND_E$",
                                  },
                                },
                                Object {
                                  "!": "FormulaParam",
                                  "content": Object {
                                    "!": "FormulaParamNum",
                                    "range": Object {
                                      "_source": "0",
                                    },
                                    "value": "0",
                                  },
                                  "range": Object {
                                    "_source": "0",
                                  },
                                },
                                Object {
                                  "!": "FormulaParam",
                                  "content": Object {
                                    "!": "FormulaParamString",
                                    "range": Object {
                                      "_source": "'22029997'",
                                    },
                                    "value": "22029997",
                                  },
                                  "range": Object {
                                    "_source": "'22029997'",
                                  },
                                },
                              ],
                              "range": Object {
                                "_source": "UDEF_KM('YE',$ZTDM$,$KJND_B$,0,$KJND_E$,0,'22029997')",
                              },
                            },
                          ],
                          "range": Object {
                            "_source": "UDEF_KM('YE',$ZTDM$,$KJND_B$,0,$KJND_E$,0,'22029997')",
                          },
                        },
                        "operate": Object {
                          "!": "TerminalNodeImpl",
                          "range": Object {
                            "_source": ">",
                          },
                          "value": ">",
                        },
                        "range": Object {
                          "_source": "UDEF_KM('YE',$ZTDM$,$KJND_B$,0,$KJND_E$,0,'22029997')>0",
                        },
                        "rightExp": Object {
                          "!": "FormulaExpress",
                          "express": Array [
                            Object {
                              "!": "FormulaParamNum",
                              "range": Object {
                                "_source": "0",
                              },
                              "value": "0",
                            },
                          ],
                          "range": Object {
                            "_source": "0",
                          },
                        },
                      },
                      "range": Object {
                        "_source": "UDEF_KM('YE',$ZTDM$,$KJND_B$,0,$KJND_E$,0,'22029997')>0",
                      },
                    },
                    "elseStatement": Object {
                      "!": "FormulaParam",
                      "content": Object {
                        "!": "FormulaParamNum",
                        "range": Object {
                          "_source": "0",
                        },
                        "value": "0",
                      },
                      "range": Object {
                        "_source": "0",
                      },
                    },
                    "name": "IF",
                    "range": Object {
                      "_source": "IF(UDEF_KM('YE',$ZTDM$,$KJND_B$,0,$KJND_E$,0,'22029997')>0,UDEF_KM('YE',$ZTDM$,$KJND_B$,0,$KJND_E$,0,'22029997'),0)",
                    },
                    "thenStatement": Object {
                      "!": "FormulaParam",
                      "content": Object {
                        "!": "FormulaExpress",
                        "express": Array [
                          Object {
                            "!": "FormulaFunction",
                            "name": "UDEF_KM",
                            "params": Array [
                              Object {
                                "!": "FormulaParam",
                                "content": Object {
                                  "!": "FormulaParamString",
                                  "range": Object {
                                    "_source": "'YE'",
                                  },
                                  "value": "YE",
                                },
                                "range": Object {
                                  "_source": "'YE'",
                                },
                              },
                              Object {
                                "!": "FormulaParam",
                                "content": Object {
                                  "!": "FormulaParamConst",
                                  "range": Object {
                                    "_source": "$ZTDM$",
                                  },
                                  "value": "$ZTDM$",
                                },
                                "range": Object {
                                  "_source": "$ZTDM$",
                                },
                              },
                              Object {
                                "!": "FormulaParam",
                                "content": Object {
                                  "!": "FormulaParamConst",
                                  "range": Object {
                                    "_source": "$KJND_B$",
                                  },
                                  "value": "$KJND_B$",
                                },
                                "range": Object {
                                  "_source": "$KJND_B$",
                                },
                              },
                              Object {
                                "!": "FormulaParam",
                                "content": Object {
                                  "!": "FormulaParamNum",
                                  "range": Object {
                                    "_source": "0",
                                  },
                                  "value": "0",
                                },
                                "range": Object {
                                  "_source": "0",
                                },
                              },
                              Object {
                                "!": "FormulaParam",
                                "content": Object {
                                  "!": "FormulaParamConst",
                                  "range": Object {
                                    "_source": "$KJND_E$",
                                  },
                                  "value": "$KJND_E$",
                                },
                                "range": Object {
                                  "_source": "$KJND_E$",
                                },
                              },
                              Object {
                                "!": "FormulaParam",
                                "content": Object {
                                  "!": "FormulaParamNum",
                                  "range": Object {
                                    "_source": "0",
                                  },
                                  "value": "0",
                                },
                                "range": Object {
                                  "_source": "0",
                                },
                              },
                              Object {
                                "!": "FormulaParam",
                                "content": Object {
                                  "!": "FormulaParamString",
                                  "range": Object {
                                    "_source": "'22029997'",
                                  },
                                  "value": "22029997",
                                },
                                "range": Object {
                                  "_source": "'22029997'",
                                },
                              },
                            ],
                            "range": Object {
                              "_source": "UDEF_KM('YE',$ZTDM$,$KJND_B$,0,$KJND_E$,0,'22029997')",
                            },
                          },
                        ],
                        "range": Object {
                          "_source": "UDEF_KM('YE',$ZTDM$,$KJND_B$,0,$KJND_E$,0,'22029997')",
                        },
                      },
                      "range": Object {
                        "_source": "UDEF_KM('YE',$ZTDM$,$KJND_B$,0,$KJND_E$,0,'22029997')",
                      },
                    },
                  },
                ],
                "range": Object {
                  "_source": "IF(UDEF_KM('YE',$ZTDM$,$KJND_B$,0,$KJND_E$,0,'22029997')>0,UDEF_KM('YE',$ZTDM$,$KJND_B$,0,$KJND_E$,0,'22029997'),0)",
                },
              },
            },
            "operate": Object {
              "!": "TerminalNodeImpl",
              "range": Object {
                "_source": "+",
              },
              "value": "+",
            },
            "range": Object {
              "_source": "KMYE_DEBIT($ZTDM$,$KJND$,0,'2202')-IF(UDEF_KM('YE',$ZTDM$,$KJND_B$,0,$KJND_E$,0,'22029997')>0,UDEF_KM('YE',$ZTDM$,$KJND_B$,0,$KJND_E$,0,'22029997'),0)+KMYE_CREDIT($ZTDM$,$KJND$,0,'1123')",
            },
            "rightExp": Object {
              "!": "FormulaExpress",
              "express": Array [
                Object {
                  "!": "FormulaFunction",
                  "name": "KMYE_CREDIT",
                  "params": Array [
                    Object {
                      "!": "FormulaParam",
                      "content": Object {
                        "!": "FormulaParamConst",
                        "range": Object {
                          "_source": "$ZTDM$",
                        },
                        "value": "$ZTDM$",
                      },
                      "range": Object {
                        "_source": "$ZTDM$",
                      },
                    },
                    Object {
                      "!": "FormulaParam",
                      "content": Object {
                        "!": "FormulaParamConst",
                        "range": Object {
                          "_source": "$KJND$",
                        },
                        "value": "$KJND$",
                      },
                      "range": Object {
                        "_source": "$KJND$",
                      },
                    },
                    Object {
                      "!": "FormulaParam",
                      "content": Object {
                        "!": "FormulaParamNum",
                        "range": Object {
                          "_source": "0",
                        },
                        "value": "0",
                      },
                      "range": Object {
                        "_source": "0",
                      },
                    },
                    Object {
                      "!": "FormulaParam",
                      "content": Object {
                        "!": "FormulaParamString",
                        "range": Object {
                          "_source": "'1123'",
                        },
                        "value": "1123",
                      },
                      "range": Object {
                        "_source": "'1123'",
                      },
                    },
                  ],
                  "range": Object {
                    "_source": "KMYE_CREDIT($ZTDM$,$KJND$,0,'1123')",
                  },
                },
              ],
              "range": Object {
                "_source": "KMYE_CREDIT($ZTDM$,$KJND$,0,'1123')",
              },
            },
          },
          "operate": Object {
            "!": "TerminalNodeImpl",
            "range": Object {
              "_source": "+",
            },
            "value": "+",
          },
          "range": Object {
            "_source": "KMYE_DEBIT($ZTDM$,$KJND$,0,'2202')-IF(UDEF_KM('YE',$ZTDM$,$KJND_B$,0,$KJND_E$,0,'22029997')>0,UDEF_KM('YE',$ZTDM$,$KJND_B$,0,$KJND_E$,0,'22029997'),0)+KMYE_CREDIT($ZTDM$,$KJND$,0,'1123')+IF(UDEF_KM('YE',$ZTDM$,$KJND_B$,0,$KJND_E$,0,'11239997')>0,0,UDEF_KM('YE',$ZTDM$,$KJND_B$,0,$KJND_E$,0,'11239997'))",
          },
          "rightExp": Object {
            "!": "FormulaExpress",
            "express": Array [
              Object {
                "!": "FormulaIfFunction",
                "condition": Object {
                  "!": "FormulaParam",
                  "content": Object {
                    "!": "FormulaBinaryOperationExpress",
                    "leftExp": Object {
                      "!": "FormulaExpress",
                      "express": Array [
                        Object {
                          "!": "FormulaFunction",
                          "name": "UDEF_KM",
                          "params": Array [
                            Object {
                              "!": "FormulaParam",
                              "content": Object {
                                "!": "FormulaParamString",
                                "range": Object {
                                  "_source": "'YE'",
                                },
                                "value": "YE",
                              },
                              "range": Object {
                                "_source": "'YE'",
                              },
                            },
                            Object {
                              "!": "FormulaParam",
                              "content": Object {
                                "!": "FormulaParamConst",
                                "range": Object {
                                  "_source": "$ZTDM$",
                                },
                                "value": "$ZTDM$",
                              },
                              "range": Object {
                                "_source": "$ZTDM$",
                              },
                            },
                            Object {
                              "!": "FormulaParam",
                              "content": Object {
                                "!": "FormulaParamConst",
                                "range": Object {
                                  "_source": "$KJND_B$",
                                },
                                "value": "$KJND_B$",
                              },
                              "range": Object {
                                "_source": "$KJND_B$",
                              },
                            },
                            Object {
                              "!": "FormulaParam",
                              "content": Object {
                                "!": "FormulaParamNum",
                                "range": Object {
                                  "_source": "0",
                                },
                                "value": "0",
                              },
                              "range": Object {
                                "_source": "0",
                              },
                            },
                            Object {
                              "!": "FormulaParam",
                              "content": Object {
                                "!": "FormulaParamConst",
                                "range": Object {
                                  "_source": "$KJND_E$",
                                },
                                "value": "$KJND_E$",
                              },
                              "range": Object {
                                "_source": "$KJND_E$",
                              },
                            },
                            Object {
                              "!": "FormulaParam",
                              "content": Object {
                                "!": "FormulaParamNum",
                                "range": Object {
                                  "_source": "0",
                                },
                                "value": "0",
                              },
                              "range": Object {
                                "_source": "0",
                              },
                            },
                            Object {
                              "!": "FormulaParam",
                              "content": Object {
                                "!": "FormulaParamString",
                                "range": Object {
                                  "_source": "'11239997'",
                                },
                                "value": "11239997",
                              },
                              "range": Object {
                                "_source": "'11239997'",
                              },
                            },
                          ],
                          "range": Object {
                            "_source": "UDEF_KM('YE',$ZTDM$,$KJND_B$,0,$KJND_E$,0,'11239997')",
                          },
                        },
                      ],
                      "range": Object {
                        "_source": "UDEF_KM('YE',$ZTDM$,$KJND_B$,0,$KJND_E$,0,'11239997')",
                      },
                    },
                    "operate": Object {
                      "!": "TerminalNodeImpl",
                      "range": Object {
                        "_source": ">",
                      },
                      "value": ">",
                    },
                    "range": Object {
                      "_source": "UDEF_KM('YE',$ZTDM$,$KJND_B$,0,$KJND_E$,0,'11239997')>0",
                    },
                    "rightExp": Object {
                      "!": "FormulaExpress",
                      "express": Array [
                        Object {
                          "!": "FormulaParamNum",
                          "range": Object {
                            "_source": "0",
                          },
                          "value": "0",
                        },
                      ],
                      "range": Object {
                        "_source": "0",
                      },
                    },
                  },
                  "range": Object {
                    "_source": "UDEF_KM('YE',$ZTDM$,$KJND_B$,0,$KJND_E$,0,'11239997')>0",
                  },
                },
                "elseStatement": Object {
                  "!": "FormulaParam",
                  "content": Object {
                    "!": "FormulaExpress",
                    "express": Array [
                      Object {
                        "!": "FormulaFunction",
                        "name": "UDEF_KM",
                        "params": Array [
                          Object {
                            "!": "FormulaParam",
                            "content": Object {
                              "!": "FormulaParamString",
                              "range": Object {
                                "_source": "'YE'",
                              },
                              "value": "YE",
                            },
                            "range": Object {
                              "_source": "'YE'",
                            },
                          },
                          Object {
                            "!": "FormulaParam",
                            "content": Object {
                              "!": "FormulaParamConst",
                              "range": Object {
                                "_source": "$ZTDM$",
                              },
                              "value": "$ZTDM$",
                            },
                            "range": Object {
                              "_source": "$ZTDM$",
                            },
                          },
                          Object {
                            "!": "FormulaParam",
                            "content": Object {
                              "!": "FormulaParamConst",
                              "range": Object {
                                "_source": "$KJND_B$",
                              },
                              "value": "$KJND_B$",
                            },
                            "range": Object {
                              "_source": "$KJND_B$",
                            },
                          },
                          Object {
                            "!": "FormulaParam",
                            "content": Object {
                              "!": "FormulaParamNum",
                              "range": Object {
                                "_source": "0",
                              },
                              "value": "0",
                            },
                            "range": Object {
                              "_source": "0",
                            },
                          },
                          Object {
                            "!": "FormulaParam",
                            "content": Object {
                              "!": "FormulaParamConst",
                              "range": Object {
                                "_source": "$KJND_E$",
                              },
                              "value": "$KJND_E$",
                            },
                            "range": Object {
                              "_source": "$KJND_E$",
                            },
                          },
                          Object {
                            "!": "FormulaParam",
                            "content": Object {
                              "!": "FormulaParamNum",
                              "range": Object {
                                "_source": "0",
                              },
                              "value": "0",
                            },
                            "range": Object {
                              "_source": "0",
                            },
                          },
                          Object {
                            "!": "FormulaParam",
                            "content": Object {
                              "!": "FormulaParamString",
                              "range": Object {
                                "_source": "'11239997'",
                              },
                              "value": "11239997",
                            },
                            "range": Object {
                              "_source": "'11239997'",
                            },
                          },
                        ],
                        "range": Object {
                          "_source": "UDEF_KM('YE',$ZTDM$,$KJND_B$,0,$KJND_E$,0,'11239997')",
                        },
                      },
                    ],
                    "range": Object {
                      "_source": "UDEF_KM('YE',$ZTDM$,$KJND_B$,0,$KJND_E$,0,'11239997')",
                    },
                  },
                  "range": Object {
                    "_source": "UDEF_KM('YE',$ZTDM$,$KJND_B$,0,$KJND_E$,0,'11239997')",
                  },
                },
                "name": "IF",
                "range": Object {
                  "_source": "IF(UDEF_KM('YE',$ZTDM$,$KJND_B$,0,$KJND_E$,0,'11239997')>0,0,UDEF_KM('YE',$ZTDM$,$KJND_B$,0,$KJND_E$,0,'11239997'))",
                },
                "thenStatement": Object {
                  "!": "FormulaParam",
                  "content": Object {
                    "!": "FormulaParamNum",
                    "range": Object {
                      "_source": "0",
                    },
                    "value": "0",
                  },
                  "range": Object {
                    "_source": "0",
                  },
                },
              },
            ],
            "range": Object {
              "_source": "IF(UDEF_KM('YE',$ZTDM$,$KJND_B$,0,$KJND_E$,0,'11239997')>0,0,UDEF_KM('YE',$ZTDM$,$KJND_B$,0,$KJND_E$,0,'11239997'))",
            },
          },
        },
        "range": Object {
          "_source": "KMYE_DEBIT($ZTDM$,$KJND$,0,'2202')-IF(UDEF_KM('YE',$ZTDM$,$KJND_B$,0,$KJND_E$,0,'22029997')>0,UDEF_KM('YE',$ZTDM$,$KJND_B$,0,$KJND_E$,0,'22029997'),0)+KMYE_CREDIT($ZTDM$,$KJND$,0,'1123')+IF(UDEF_KM('YE',$ZTDM$,$KJND_B$,0,$KJND_E$,0,'11239997')>0,0,UDEF_KM('YE',$ZTDM$,$KJND_B$,0,$KJND_E$,0,'11239997'))",
        },
      },
    },
  ],
  "range": Object {
    "_source": "IF((QUERY_SZJDXX($ZTDM$,$KJND$,$KJQJ$,'-1','','4','4')=='1'||QUERY_SZJDXX($ZTDM$,$KJND$,$KJQJ$,'-1','','4','4')=='2'),KMYE_DEBIT($ZTDM$,$KJND$,0,'2202')-IF(UDEF_KM('YE',$ZTDM$,$KJND_B$,0,$KJND_E$,0,'22029997')>0,UDEF_KM('YE',$ZTDM$,$KJND_B$,0,$KJND_E$,0,'22029997'),0)+KMYE_CREDIT($ZTDM$,$KJND$,0,'1123')+IF(UDEF_KM('YE',$ZTDM$,$KJND_B$,0,$KJND_E$,0,'11239997')>0,0,UDEF_KM('YE',$ZTDM$,$KJND_B$,0,$KJND_E$,0,'11239997')),UDEF_KM('YE',$ZTDM$,$KJND_B$,0,$KJND_E$,0,'2202'))",
  },
}
`;
